154598-154851 rc_encode: bit-0: "0"
154598-154851 rc_encode: pin: "A0"
154851-155104 rc_encode: bit-f: "f"
154851-155104 rc_encode: pin: "A1"
155104-155356 rc_encode: bit-0: "0"
155104-155356 rc_encode: pin: "A2"
155356-155609 rc_encode: bit-f: "f"
155356-155609 rc_encode: pin: "A3"
155609-155861 rc_encode: bit-0: "0"
155609-155861 rc_encode: pin: "A4"
155861-156114 rc_encode: bit-f: "f"
155861-156114 rc_encode: pin: "A5"
156114-156366 rc_encode: bit-0: "0"
156114-156366 rc_encode: pin: "A6/D5"
156366-156619 rc_encode: bit-f: "f"
156366-156619 rc_encode: pin: "A7/D4"
156619-156872 rc_encode: bit-f: "f"
156619-156872 rc_encode: pin: "A8/D3"
156872-157124 rc_encode: bit-f: "f"
156872-157124 rc_encode: pin: "A9/D2"
157124-157377 rc_encode: bit-f: "f"
157124-157377 rc_encode: pin: "A10/D1"
157377-157629 rc_encode: bit-0: "0"
157377-157629 rc_encode: pin: "A11/D0"
157629-157881 rc_encode: bit-sync: "Sync"
158637-158890 rc_encode: bit-0: "0"
158637-158890 rc_encode: pin: "A0"
158890-159143 rc_encode: bit-f: "f"
158890-159143 rc_encode: pin: "A1"
159143-159395 rc_encode: bit-0: "0"
159143-159395 rc_encode: pin: "A2"
159395-159648 rc_encode: bit-f: "f"
159395-159648 rc_encode: pin: "A3"
159648-159900 rc_encode: bit-0: "0"
159648-159900 rc_encode: pin: "A4"
159900-160153 rc_encode: bit-f: "f"
159900-160153 rc_encode: pin: "A5"
160153-160405 rc_encode: bit-0: "0"
160153-160405 rc_encode: pin: "A6/D5"
160405-160658 rc_encode: bit-f: "f"
160405-160658 rc_encode: pin: "A7/D4"
160658-160910 rc_encode: bit-f: "f"
160658-160910 rc_encode: pin: "A8/D3"
160910-161163 rc_encode: bit-f: "f"
160910-161163 rc_encode: pin: "A9/D2"
161163-161416 rc_encode: bit-f: "f"
161163-161416 rc_encode: pin: "A10/D1"
161416-161668 rc_encode: bit-0: "0"
161416-161668 rc_encode: pin: "A11/D0"
161668-161920 rc_encode: bit-sync: "Sync"
162676-162929 rc_encode: bit-0: "0"
162676-162929 rc_encode: pin: "A0"
162929-163182 rc_encode: bit-f: "f"
162929-163182 rc_encode: pin: "A1"
163182-163434 rc_encode: bit-0: "0"
163182-163434 rc_encode: pin: "A2"
163434-163687 rc_encode: bit-f: "f"
163434-163687 rc_encode: pin: "A3"
163687-163939 rc_encode: bit-0: "0"
163687-163939 rc_encode: pin: "A4"
163939-164192 rc_encode: bit-f: "f"
163939-164192 rc_encode: pin: "A5"
164192-164444 rc_encode: bit-0: "0"
164192-164444 rc_encode: pin: "A6/D5"
164444-164697 rc_encode: bit-f: "f"
164444-164697 rc_encode: pin: "A7/D4"
164697-164949 rc_encode: bit-f: "f"
164697-164949 rc_encode: pin: "A8/D3"
164949-165202 rc_encode: bit-f: "f"
164949-165202 rc_encode: pin: "A9/D2"
165202-165455 rc_encode: bit-f: "f"
165202-165455 rc_encode: pin: "A10/D1"
165455-165707 rc_encode: bit-0: "0"
165455-165707 rc_encode: pin: "A11/D0"
165707-165959 rc_encode: bit-sync: "Sync"
166715-166968 rc_encode: bit-0: "0"
166715-166968 rc_encode: pin: "A0"
166968-167221 rc_encode: bit-f: "f"
166968-167221 rc_encode: pin: "A1"
167221-167473 rc_encode: bit-0: "0"
167221-167473 rc_encode: pin: "A2"
167473-167726 rc_encode: bit-f: "f"
167473-167726 rc_encode: pin: "A3"
167726-167978 rc_encode: bit-0: "0"
167726-167978 rc_encode: pin: "A4"
167978-168231 rc_encode: bit-f: "f"
167978-168231 rc_encode: pin: "A5"
168231-168483 rc_encode: bit-0: "0"
168231-168483 rc_encode: pin: "A6/D5"
168483-168736 rc_encode: bit-f: "f"
168483-168736 rc_encode: pin: "A7/D4"
168736-168988 rc_encode: bit-f: "f"
168736-168988 rc_encode: pin: "A8/D3"
168988-169241 rc_encode: bit-f: "f"
168988-169241 rc_encode: pin: "A9/D2"
169241-169494 rc_encode: bit-f: "f"
169241-169494 rc_encode: pin: "A10/D1"
169494-169746 rc_encode: bit-0: "0"
169494-169746 rc_encode: pin: "A11/D0"
169746-169998 rc_encode: bit-sync: "Sync"
170754-171007 rc_encode: bit-0: "0"
170754-171007 rc_encode: pin: "A0"
171007-171260 rc_encode: bit-f: "f"
171007-171260 rc_encode: pin: "A1"
171260-171512 rc_encode: bit-0: "0"
171260-171512 rc_encode: pin: "A2"
171512-171765 rc_encode: bit-f: "f"
171512-171765 rc_encode: pin: "A3"
171765-172017 rc_encode: bit-0: "0"
171765-172017 rc_encode: pin: "A4"
172017-172270 rc_encode: bit-f: "f"
172017-172270 rc_encode: pin: "A5"
172270-172522 rc_encode: bit-0: "0"
172270-172522 rc_encode: pin: "A6/D5"
172522-172775 rc_encode: bit-f: "f"
172522-172775 rc_encode: pin: "A7/D4"
172775-173028 rc_encode: bit-f: "f"
172775-173028 rc_encode: pin: "A8/D3"
173028-173280 rc_encode: bit-f: "f"
173028-173280 rc_encode: pin: "A9/D2"
173280-173533 rc_encode: bit-f: "f"
173280-173533 rc_encode: pin: "A10/D1"
173533-173785 rc_encode: bit-0: "0"
173533-173785 rc_encode: pin: "A11/D0"
173785-174037 rc_encode: bit-sync: "Sync"
174793-175046 rc_encode: bit-0: "0"
174793-175046 rc_encode: pin: "A0"
175046-175299 rc_encode: bit-f: "f"
175046-175299 rc_encode: pin: "A1"
175299-175551 rc_encode: bit-0: "0"
175299-175551 rc_encode: pin: "A2"
175551-175804 rc_encode: bit-f: "f"
175551-175804 rc_encode: pin: "A3"
175804-176056 rc_encode: bit-0: "0"
175804-176056 rc_encode: pin: "A4"
176056-176309 rc_encode: bit-f: "f"
176056-176309 rc_encode: pin: "A5"
176309-176561 rc_encode: bit-0: "0"
176309-176561 rc_encode: pin: "A6/D5"
176561-176814 rc_encode: bit-f: "f"
176561-176814 rc_encode: pin: "A7/D4"
176814-177067 rc_encode: bit-f: "f"
176814-177067 rc_encode: pin: "A8/D3"
177067-177319 rc_encode: bit-f: "f"
177067-177319 rc_encode: pin: "A9/D2"
177319-177572 rc_encode: bit-f: "f"
177319-177572 rc_encode: pin: "A10/D1"
177572-177824 rc_encode: bit-0: "0"
177572-177824 rc_encode: pin: "A11/D0"
177824-178076 rc_encode: bit-sync: "Sync"
178833-179085 rc_encode: bit-0: "0"
178833-179085 rc_encode: pin: "A0"
179085-179338 rc_encode: bit-f: "f"
179085-179338 rc_encode: pin: "A1"
179338-179590 rc_encode: bit-0: "0"
179338-179590 rc_encode: pin: "A2"
179590-179843 rc_encode: bit-f: "f"
179590-179843 rc_encode: pin: "A3"
179843-180096 rc_encode: bit-0: "0"
179843-180096 rc_encode: pin: "A4"
180096-180348 rc_encode: bit-f: "f"
180096-180348 rc_encode: pin: "A5"
180348-180601 rc_encode: bit-0: "0"
180348-180601 rc_encode: pin: "A6/D5"
180601-180853 rc_encode: bit-f: "f"
180601-180853 rc_encode: pin: "A7/D4"
180853-181106 rc_encode: bit-f: "f"
180853-181106 rc_encode: pin: "A8/D3"
181106-181359 rc_encode: bit-f: "f"
181106-181359 rc_encode: pin: "A9/D2"
181359-181611 rc_encode: bit-f: "f"
181359-181611 rc_encode: pin: "A10/D1"
181611-181864 rc_encode: bit-0: "0"
181611-181864 rc_encode: pin: "A11/D0"
181864-182107 rc_encode: bit-sync: "Sync"
182872-183124 rc_encode: bit-0: "0"
182872-183124 rc_encode: pin: "A0"
183124-183377 rc_encode: bit-f: "f"
183124-183377 rc_encode: pin: "A1"
183377-183630 rc_encode: bit-0: "0"
183377-183630 rc_encode: pin: "A2"
183630-183883 rc_encode: bit-f: "f"
183630-183883 rc_encode: pin: "A3"
183883-184135 rc_encode: bit-0: "0"
183883-184135 rc_encode: pin: "A4"
184135-184387 rc_encode: bit-f: "f"
184135-184387 rc_encode: pin: "A5"
184387-184640 rc_encode: bit-1: "1"
184387-184640 rc_encode: pin: "A6/D5"
184640-184893 rc_encode: bit-1: "1"
184640-184893 rc_encode: pin: "A7/D4"
184893-185145 rc_encode: bit-1: "1"
184893-185145 rc_encode: pin: "A8/D3"
185145-185408 rc_encode: bit-U: "U"
185145-185408 rc_encode: pin: "A9/D2"
185408-185659 rc_encode: bit-U: "U"
185408-185659 rc_encode: pin: "A10/D1"
185659-185912 rc_encode: bit-U: "U"
185659-185912 rc_encode: pin: "A11/D0"
185912-186065 rc_encode: bit-sync: "Sync"
301080-301333 rc_encode: bit-0: "0"
301080-301333 rc_encode: pin: "A0"
301333-301586 rc_encode: bit-f: "f"
301333-301586 rc_encode: pin: "A1"
301586-301838 rc_encode: bit-0: "0"
301586-301838 rc_encode: pin: "A2"
301838-302091 rc_encode: bit-f: "f"
301838-302091 rc_encode: pin: "A3"
302091-302343 rc_encode: bit-0: "0"
302091-302343 rc_encode: pin: "A4"
302343-302596 rc_encode: bit-f: "f"
302343-302596 rc_encode: pin: "A5"
302596-302849 rc_encode: bit-f: "f"
302596-302849 rc_encode: pin: "A6/D5"
302849-303101 rc_encode: bit-0: "0"
302849-303101 rc_encode: pin: "A7/D4"
303101-303354 rc_encode: bit-f: "f"
303101-303354 rc_encode: pin: "A8/D3"
303354-303606 rc_encode: bit-f: "f"
303354-303606 rc_encode: pin: "A9/D2"
303606-303859 rc_encode: bit-f: "f"
303606-303859 rc_encode: pin: "A10/D1"
303859-304111 rc_encode: bit-0: "0"
303859-304111 rc_encode: pin: "A11/D0"
304111-304363 rc_encode: bit-sync: "Sync"
305119-305372 rc_encode: bit-0: "0"
305119-305372 rc_encode: pin: "A0"
305372-305625 rc_encode: bit-f: "f"
305372-305625 rc_encode: pin: "A1"
305625-305877 rc_encode: bit-0: "0"
305625-305877 rc_encode: pin: "A2"
305877-306130 rc_encode: bit-f: "f"
305877-306130 rc_encode: pin: "A3"
306130-306382 rc_encode: bit-0: "0"
306130-306382 rc_encode: pin: "A4"
306382-306635 rc_encode: bit-f: "f"
306382-306635 rc_encode: pin: "A5"
306635-306888 rc_encode: bit-f: "f"
306635-306888 rc_encode: pin: "A6/D5"
306888-307140 rc_encode: bit-0: "0"
306888-307140 rc_encode: pin: "A7/D4"
307140-307392 rc_encode: bit-f: "f"
307140-307392 rc_encode: pin: "A8/D3"
307392-307645 rc_encode: bit-f: "f"
307392-307645 rc_encode: pin: "A9/D2"
307645-307898 rc_encode: bit-f: "f"
307645-307898 rc_encode: pin: "A10/D1"
307898-308150 rc_encode: bit-0: "0"
307898-308150 rc_encode: pin: "A11/D0"
308150-308402 rc_encode: bit-sync: "Sync"
309158-309411 rc_encode: bit-0: "0"
309158-309411 rc_encode: pin: "A0"
309411-309664 rc_encode: bit-f: "f"
309411-309664 rc_encode: pin: "A1"
309664-309916 rc_encode: bit-0: "0"
309664-309916 rc_encode: pin: "A2"
309916-310169 rc_encode: bit-f: "f"
309916-310169 rc_encode: pin: "A3"
310169-310421 rc_encode: bit-0: "0"
310169-310421 rc_encode: pin: "A4"
310421-310674 rc_encode: bit-f: "f"
310421-310674 rc_encode: pin: "A5"
310674-310926 rc_encode: bit-f: "f"
310674-310926 rc_encode: pin: "A6/D5"
310926-311179 rc_encode: bit-0: "0"
310926-311179 rc_encode: pin: "A7/D4"
311179-311431 rc_encode: bit-f: "f"
311179-311431 rc_encode: pin: "A8/D3"
311431-311684 rc_encode: bit-f: "f"
311431-311684 rc_encode: pin: "A9/D2"
311684-311937 rc_encode: bit-f: "f"
311684-311937 rc_encode: pin: "A10/D1"
311937-312189 rc_encode: bit-0: "0"
311937-312189 rc_encode: pin: "A11/D0"
312189-312441 rc_encode: bit-sync: "Sync"
313197-313450 rc_encode: bit-0: "0"
313197-313450 rc_encode: pin: "A0"
313450-313703 rc_encode: bit-f: "f"
313450-313703 rc_encode: pin: "A1"
313703-313955 rc_encode: bit-0: "0"
313703-313955 rc_encode: pin: "A2"
313955-314208 rc_encode: bit-f: "f"
313955-314208 rc_encode: pin: "A3"
314208-314460 rc_encode: bit-0: "0"
314208-314460 rc_encode: pin: "A4"
314460-314713 rc_encode: bit-f: "f"
314460-314713 rc_encode: pin: "A5"
314713-314966 rc_encode: bit-f: "f"
314713-314966 rc_encode: pin: "A6/D5"
314966-315218 rc_encode: bit-0: "0"
314966-315218 rc_encode: pin: "A7/D4"
315218-315471 rc_encode: bit-f: "f"
315218-315471 rc_encode: pin: "A8/D3"
315471-315723 rc_encode: bit-f: "f"
315471-315723 rc_encode: pin: "A9/D2"
315723-315976 rc_encode: bit-f: "f"
315723-315976 rc_encode: pin: "A10/D1"
315976-316228 rc_encode: bit-0: "0"
315976-316228 rc_encode: pin: "A11/D0"
316228-316480 rc_encode: bit-sync: "Sync"
317236-317489 rc_encode: bit-0: "0"
317236-317489 rc_encode: pin: "A0"
317489-317742 rc_encode: bit-f: "f"
317489-317742 rc_encode: pin: "A1"
317742-317994 rc_encode: bit-0: "0"
317742-317994 rc_encode: pin: "A2"
317994-318247 rc_encode: bit-f: "f"
317994-318247 rc_encode: pin: "A3"
318247-318499 rc_encode: bit-0: "0"
318247-318499 rc_encode: pin: "A4"
318499-318752 rc_encode: bit-f: "f"
318499-318752 rc_encode: pin: "A5"
318752-319005 rc_encode: bit-f: "f"
318752-319005 rc_encode: pin: "A6/D5"
319005-319257 rc_encode: bit-0: "0"
319005-319257 rc_encode: pin: "A7/D4"
319257-319510 rc_encode: bit-f: "f"
319257-319510 rc_encode: pin: "A8/D3"
319510-319762 rc_encode: bit-f: "f"
319510-319762 rc_encode: pin: "A9/D2"
319762-320015 rc_encode: bit-f: "f"
319762-320015 rc_encode: pin: "A10/D1"
320015-320267 rc_encode: bit-0: "0"
320015-320267 rc_encode: pin: "A11/D0"
320267-320519 rc_encode: bit-sync: "Sync"
321276-321528 rc_encode: bit-0: "0"
321276-321528 rc_encode: pin: "A0"
321528-321781 rc_encode: bit-f: "f"
321528-321781 rc_encode: pin: "A1"
321781-322034 rc_encode: bit-0: "0"
321781-322034 rc_encode: pin: "A2"
322034-322286 rc_encode: bit-f: "f"
322034-322286 rc_encode: pin: "A3"
322286-322539 rc_encode: bit-0: "0"
322286-322539 rc_encode: pin: "A4"
322539-322791 rc_encode: bit-f: "f"
322539-322791 rc_encode: pin: "A5"
322791-323044 rc_encode: bit-f: "f"
322791-323044 rc_encode: pin: "A6/D5"
323044-323296 rc_encode: bit-0: "0"
323044-323296 rc_encode: pin: "A7/D4"
323296-323549 rc_encode: bit-f: "f"
323296-323549 rc_encode: pin: "A8/D3"
323549-323802 rc_encode: bit-f: "f"
323549-323802 rc_encode: pin: "A9/D2"
323802-324054 rc_encode: bit-f: "f"
323802-324054 rc_encode: pin: "A10/D1"
324054-324307 rc_encode: bit-0: "0"
324054-324307 rc_encode: pin: "A11/D0"
324307-324559 rc_encode: bit-sync: "Sync"
325315-325568 rc_encode: bit-0: "0"
325315-325568 rc_encode: pin: "A0"
325568-325820 rc_encode: bit-f: "f"
325568-325820 rc_encode: pin: "A1"
325820-326073 rc_encode: bit-0: "0"
325820-326073 rc_encode: pin: "A2"
326073-326326 rc_encode: bit-f: "f"
326073-326326 rc_encode: pin: "A3"
326326-326578 rc_encode: bit-0: "0"
326326-326578 rc_encode: pin: "A4"
326578-326831 rc_encode: bit-f: "f"
326578-326831 rc_encode: pin: "A5"
326831-327083 rc_encode: bit-f: "f"
326831-327083 rc_encode: pin: "A6/D5"
327083-327336 rc_encode: bit-0: "0"
327083-327336 rc_encode: pin: "A7/D4"
327336-327588 rc_encode: bit-f: "f"
327336-327588 rc_encode: pin: "A8/D3"
327588-327841 rc_encode: bit-f: "f"
327588-327841 rc_encode: pin: "A9/D2"
327841-328094 rc_encode: bit-f: "f"
327841-328094 rc_encode: pin: "A10/D1"
328094-328346 rc_encode: bit-0: "0"
328094-328346 rc_encode: pin: "A11/D0"
328346-328598 rc_encode: bit-sync: "Sync"
329363-329615 rc_encode: bit-0: "0"
329363-329615 rc_encode: pin: "A0"
329615-329868 rc_encode: bit-U: "U"
329615-329868 rc_encode: pin: "A1"
329868-330119 rc_encode: bit-0: "0"
329868-330119 rc_encode: pin: "A2"
330119-330373 rc_encode: bit-U: "U"
330119-330373 rc_encode: pin: "A3"
330373-330624 rc_encode: bit-U: "U"
330373-330624 rc_encode: pin: "A4"
330624-330868 rc_encode: bit-f: "f"
330624-330868 rc_encode: pin: "A5"
330868-331121 rc_encode: bit-1: "1"
330868-331121 rc_encode: pin: "A6/D5"
331121-331374 rc_encode: bit-1: "1"
331121-331374 rc_encode: pin: "A7/D4"
331374-331627 rc_encode: bit-1: "1"
331374-331627 rc_encode: pin: "A8/D3"
331627-331890 rc_encode: bit-U: "U"
331627-331890 rc_encode: pin: "A9/D2"
331890-332142 rc_encode: bit-U: "U"
331890-332142 rc_encode: pin: "A10/D1"
332142-332394 rc_encode: bit-U: "U"
332142-332394 rc_encode: pin: "A11/D0"
332394-332538 rc_encode: bit-sync: "Sync"
434244-434497 rc_encode: bit-0: "0"
434244-434497 rc_encode: pin: "A0"
434497-434750 rc_encode: bit-f: "f"
434497-434750 rc_encode: pin: "A1"
434750-435002 rc_encode: bit-0: "0"
434750-435002 rc_encode: pin: "A2"
435002-435255 rc_encode: bit-f: "f"
435002-435255 rc_encode: pin: "A3"
435255-435507 rc_encode: bit-0: "0"
435255-435507 rc_encode: pin: "A4"
435507-435760 rc_encode: bit-f: "f"
435507-435760 rc_encode: pin: "A5"
435760-436012 rc_encode: bit-f: "f"
435760-436012 rc_encode: pin: "A6/D5"
436012-436265 rc_encode: bit-f: "f"
436012-436265 rc_encode: pin: "A7/D4"
436265-436518 rc_encode: bit-f: "f"
436265-436518 rc_encode: pin: "A8/D3"
436518-436770 rc_encode: bit-0: "0"
436518-436770 rc_encode: pin: "A9/D2"
436770-437022 rc_encode: bit-f: "f"
436770-437022 rc_encode: pin: "A10/D1"
437022-437274 rc_encode: bit-0: "0"
437022-437274 rc_encode: pin: "A11/D0"
437274-437544 rc_encode: bit-sync: "Sync"
438283-438535 rc_encode: bit-0: "0"
438283-438535 rc_encode: pin: "A0"
438535-438788 rc_encode: bit-f: "f"
438535-438788 rc_encode: pin: "A1"
438788-439041 rc_encode: bit-0: "0"
438788-439041 rc_encode: pin: "A2"
439041-439293 rc_encode: bit-f: "f"
439041-439293 rc_encode: pin: "A3"
439293-439546 rc_encode: bit-0: "0"
439293-439546 rc_encode: pin: "A4"
439546-439798 rc_encode: bit-f: "f"
439546-439798 rc_encode: pin: "A5"
439798-440051 rc_encode: bit-f: "f"
439798-440051 rc_encode: pin: "A6/D5"
440051-440304 rc_encode: bit-f: "f"
440051-440304 rc_encode: pin: "A7/D4"
440304-440556 rc_encode: bit-f: "f"
440304-440556 rc_encode: pin: "A8/D3"
440556-440808 rc_encode: bit-0: "0"
440556-440808 rc_encode: pin: "A9/D2"
440808-441061 rc_encode: bit-f: "f"
440808-441061 rc_encode: pin: "A10/D1"
441061-441313 rc_encode: bit-0: "0"
441061-441313 rc_encode: pin: "A11/D0"
441313-441574 rc_encode: bit-sync: "Sync"
442322-442574 rc_encode: bit-0: "0"
442322-442574 rc_encode: pin: "A0"
442574-442827 rc_encode: bit-f: "f"
442574-442827 rc_encode: pin: "A1"
442827-443079 rc_encode: bit-0: "0"
442827-443079 rc_encode: pin: "A2"
443079-443332 rc_encode: bit-f: "f"
443079-443332 rc_encode: pin: "A3"
443332-443584 rc_encode: bit-0: "0"
443332-443584 rc_encode: pin: "A4"
443584-443837 rc_encode: bit-f: "f"
443584-443837 rc_encode: pin: "A5"
443837-444090 rc_encode: bit-f: "f"
443837-444090 rc_encode: pin: "A6/D5"
444090-444342 rc_encode: bit-f: "f"
444090-444342 rc_encode: pin: "A7/D4"
444342-444595 rc_encode: bit-f: "f"
444342-444595 rc_encode: pin: "A8/D3"
444595-444847 rc_encode: bit-0: "0"
444595-444847 rc_encode: pin: "A9/D2"
444847-445100 rc_encode: bit-f: "f"
444847-445100 rc_encode: pin: "A10/D1"
445100-445352 rc_encode: bit-0: "0"
445100-445352 rc_encode: pin: "A11/D0"
445352-445613 rc_encode: bit-sync: "Sync"
446360-446613 rc_encode: bit-0: "0"
446360-446613 rc_encode: pin: "A0"
446613-446866 rc_encode: bit-f: "f"
446613-446866 rc_encode: pin: "A1"
446866-447118 rc_encode: bit-0: "0"
446866-447118 rc_encode: pin: "A2"
447118-447371 rc_encode: bit-f: "f"
447118-447371 rc_encode: pin: "A3"
447371-447623 rc_encode: bit-0: "0"
447371-447623 rc_encode: pin: "A4"
447623-447876 rc_encode: bit-f: "f"
447623-447876 rc_encode: pin: "A5"
447876-448129 rc_encode: bit-f: "f"
447876-448129 rc_encode: pin: "A6/D5"
448129-448381 rc_encode: bit-f: "f"
448129-448381 rc_encode: pin: "A7/D4"
448381-448634 rc_encode: bit-f: "f"
448381-448634 rc_encode: pin: "A8/D3"
448634-448886 rc_encode: bit-0: "0"
448634-448886 rc_encode: pin: "A9/D2"
448886-449138 rc_encode: bit-f: "f"
448886-449138 rc_encode: pin: "A10/D1"
449138-449391 rc_encode: bit-0: "0"
449138-449391 rc_encode: pin: "A11/D0"
449391-449652 rc_encode: bit-sync: "Sync"
450399-450652 rc_encode: bit-0: "0"
450399-450652 rc_encode: pin: "A0"
450652-450905 rc_encode: bit-f: "f"
450652-450905 rc_encode: pin: "A1"
450905-451157 rc_encode: bit-0: "0"
450905-451157 rc_encode: pin: "A2"
451157-451410 rc_encode: bit-f: "f"
451157-451410 rc_encode: pin: "A3"
451410-451662 rc_encode: bit-0: "0"
451410-451662 rc_encode: pin: "A4"
451662-451915 rc_encode: bit-f: "f"
451662-451915 rc_encode: pin: "A5"
451915-452168 rc_encode: bit-f: "f"
451915-452168 rc_encode: pin: "A6/D5"
452168-452420 rc_encode: bit-f: "f"
452168-452420 rc_encode: pin: "A7/D4"
452420-452673 rc_encode: bit-f: "f"
452420-452673 rc_encode: pin: "A8/D3"
452673-452925 rc_encode: bit-0: "0"
452673-452925 rc_encode: pin: "A9/D2"
452925-453177 rc_encode: bit-f: "f"
452925-453177 rc_encode: pin: "A10/D1"
453177-453430 rc_encode: bit-0: "0"
453177-453430 rc_encode: pin: "A11/D0"
453430-453691 rc_encode: bit-sync: "Sync"
454438-454691 rc_encode: bit-0: "0"
454438-454691 rc_encode: pin: "A0"
454691-454944 rc_encode: bit-f: "f"
454691-454944 rc_encode: pin: "A1"
454944-455196 rc_encode: bit-0: "0"
454944-455196 rc_encode: pin: "A2"
455196-455449 rc_encode: bit-f: "f"
455196-455449 rc_encode: pin: "A3"
455449-455701 rc_encode: bit-0: "0"
455449-455701 rc_encode: pin: "A4"
455701-455954 rc_encode: bit-f: "f"
455701-455954 rc_encode: pin: "A5"
455954-456207 rc_encode: bit-f: "f"
455954-456207 rc_encode: pin: "A6/D5"
456207-456459 rc_encode: bit-f: "f"
456207-456459 rc_encode: pin: "A7/D4"
456459-456712 rc_encode: bit-f: "f"
456459-456712 rc_encode: pin: "A8/D3"
456712-456964 rc_encode: bit-0: "0"
456712-456964 rc_encode: pin: "A9/D2"
456964-457216 rc_encode: bit-f: "f"
456964-457216 rc_encode: pin: "A10/D1"
457216-457469 rc_encode: bit-0: "0"
457216-457469 rc_encode: pin: "A11/D0"
457469-457730 rc_encode: bit-sync: "Sync"
458477-458730 rc_encode: bit-0: "0"
458477-458730 rc_encode: pin: "A0"
458730-458983 rc_encode: bit-f: "f"
458730-458983 rc_encode: pin: "A1"
458983-459235 rc_encode: bit-0: "0"
458983-459235 rc_encode: pin: "A2"
459235-459488 rc_encode: bit-f: "f"
459235-459488 rc_encode: pin: "A3"
459488-459740 rc_encode: bit-0: "0"
459488-459740 rc_encode: pin: "A4"
459740-459993 rc_encode: bit-f: "f"
459740-459993 rc_encode: pin: "A5"
459993-460245 rc_encode: bit-f: "f"
459993-460245 rc_encode: pin: "A6/D5"
460245-460498 rc_encode: bit-f: "f"
460245-460498 rc_encode: pin: "A7/D4"
460498-460751 rc_encode: bit-f: "f"
460498-460751 rc_encode: pin: "A8/D3"
460751-461003 rc_encode: bit-0: "0"
460751-461003 rc_encode: pin: "A9/D2"
461003-461255 rc_encode: bit-f: "f"
461003-461255 rc_encode: pin: "A10/D1"
461255-461508 rc_encode: bit-0: "0"
461255-461508 rc_encode: pin: "A11/D0"
461508-461769 rc_encode: bit-sync: "Sync"
462516-462769 rc_encode: bit-0: "0"
462516-462769 rc_encode: pin: "A0"
462769-463022 rc_encode: bit-f: "f"
462769-463022 rc_encode: pin: "A1"
463022-463284 rc_encode: bit-0: "0"
463022-463284 rc_encode: pin: "A2"
463284-463537 rc_encode: bit-U: "U"
463284-463537 rc_encode: pin: "A3"
463537-463788 rc_encode: bit-U: "U"
463537-463788 rc_encode: pin: "A4"
463788-464031 rc_encode: bit-U: "U"
463788-464031 rc_encode: pin: "A5"
464031-464284 rc_encode: bit-1: "1"
464031-464284 rc_encode: pin: "A6/D5"
464284-464537 rc_encode: bit-1: "1"
464284-464537 rc_encode: pin: "A7/D4"
464537-464790 rc_encode: bit-1: "1"
464537-464790 rc_encode: pin: "A8/D3"
464790-465054 rc_encode: bit-U: "U"
464790-465054 rc_encode: pin: "A9/D2"
465054-465305 rc_encode: bit-U: "U"
465054-465305 rc_encode: pin: "A10/D1"
465305-465557 rc_encode: bit-U: "U"
465305-465557 rc_encode: pin: "A11/D0"
465557-465701 rc_encode: bit-sync: "Sync"
565254-565507 rc_encode: bit-0: "0"
565254-565507 rc_encode: pin: "A0"
565507-565760 rc_encode: bit-f: "f"
565507-565760 rc_encode: pin: "A1"
565760-566012 rc_encode: bit-0: "0"
565760-566012 rc_encode: pin: "A2"
566012-566265 rc_encode: bit-f: "f"
566012-566265 rc_encode: pin: "A3"
566265-566517 rc_encode: bit-0: "0"
566265-566517 rc_encode: pin: "A4"
566517-566770 rc_encode: bit-f: "f"
566517-566770 rc_encode: pin: "A5"
566770-567023 rc_encode: bit-f: "f"
566770-567023 rc_encode: pin: "A6/D5"
567023-567275 rc_encode: bit-f: "f"
567023-567275 rc_encode: pin: "A7/D4"
567275-567527 rc_encode: bit-0: "0"
567275-567527 rc_encode: pin: "A8/D3"
567527-567780 rc_encode: bit-f: "f"
567527-567780 rc_encode: pin: "A9/D2"
567780-568033 rc_encode: bit-f: "f"
567780-568033 rc_encode: pin: "A10/D1"
568033-568285 rc_encode: bit-0: "0"
568033-568285 rc_encode: pin: "A11/D0"
568285-568546 rc_encode: bit-sync: "Sync"
569293-569546 rc_encode: bit-0: "0"
569293-569546 rc_encode: pin: "A0"
569546-569799 rc_encode: bit-f: "f"
569546-569799 rc_encode: pin: "A1"
569799-570051 rc_encode: bit-0: "0"
569799-570051 rc_encode: pin: "A2"
570051-570304 rc_encode: bit-f: "f"
570051-570304 rc_encode: pin: "A3"
570304-570556 rc_encode: bit-0: "0"
570304-570556 rc_encode: pin: "A4"
570556-570809 rc_encode: bit-f: "f"
570556-570809 rc_encode: pin: "A5"
570809-571062 rc_encode: bit-f: "f"
570809-571062 rc_encode: pin: "A6/D5"
571062-571314 rc_encode: bit-f: "f"
571062-571314 rc_encode: pin: "A7/D4"
571314-571566 rc_encode: bit-0: "0"
571314-571566 rc_encode: pin: "A8/D3"
571566-571819 rc_encode: bit-f: "f"
571566-571819 rc_encode: pin: "A9/D2"
571819-572072 rc_encode: bit-f: "f"
571819-572072 rc_encode: pin: "A10/D1"
572072-572324 rc_encode: bit-0: "0"
572072-572324 rc_encode: pin: "A11/D0"
572324-572585 rc_encode: bit-sync: "Sync"
573332-573585 rc_encode: bit-0: "0"
573332-573585 rc_encode: pin: "A0"
573585-573838 rc_encode: bit-f: "f"
573585-573838 rc_encode: pin: "A1"
573838-574090 rc_encode: bit-0: "0"
573838-574090 rc_encode: pin: "A2"
574090-574343 rc_encode: bit-f: "f"
574090-574343 rc_encode: pin: "A3"
574343-574595 rc_encode: bit-0: "0"
574343-574595 rc_encode: pin: "A4"
574595-574848 rc_encode: bit-f: "f"
574595-574848 rc_encode: pin: "A5"
574848-575101 rc_encode: bit-f: "f"
574848-575101 rc_encode: pin: "A6/D5"
575101-575353 rc_encode: bit-f: "f"
575101-575353 rc_encode: pin: "A7/D4"
575353-575606 rc_encode: bit-0: "0"
575353-575606 rc_encode: pin: "A8/D3"
575606-575858 rc_encode: bit-f: "f"
575606-575858 rc_encode: pin: "A9/D2"
575858-576111 rc_encode: bit-f: "f"
575858-576111 rc_encode: pin: "A10/D1"
576111-576363 rc_encode: bit-0: "0"
576111-576363 rc_encode: pin: "A11/D0"
576363-576624 rc_encode: bit-sync: "Sync"
577372-577624 rc_encode: bit-0: "0"
577372-577624 rc_encode: pin: "A0"
577624-577877 rc_encode: bit-f: "f"
577624-577877 rc_encode: pin: "A1"
577877-578130 rc_encode: bit-0: "0"
577877-578130 rc_encode: pin: "A2"
578130-578382 rc_encode: bit-f: "f"
578130-578382 rc_encode: pin: "A3"
578382-578635 rc_encode: bit-0: "0"
578382-578635 rc_encode: pin: "A4"
578635-578887 rc_encode: bit-f: "f"
578635-578887 rc_encode: pin: "A5"
578887-579140 rc_encode: bit-f: "f"
578887-579140 rc_encode: pin: "A6/D5"
579140-579393 rc_encode: bit-f: "f"
579140-579393 rc_encode: pin: "A7/D4"
579393-579645 rc_encode: bit-0: "0"
579393-579645 rc_encode: pin: "A8/D3"
579645-579897 rc_encode: bit-f: "f"
579645-579897 rc_encode: pin: "A9/D2"
579897-580150 rc_encode: bit-f: "f"
579897-580150 rc_encode: pin: "A10/D1"
580150-580402 rc_encode: bit-0: "0"
580150-580402 rc_encode: pin: "A11/D0"
580402-580672 rc_encode: bit-sync: "Sync"
581411-581664 rc_encode: bit-0: "0"
581411-581664 rc_encode: pin: "A0"
581664-581916 rc_encode: bit-f: "f"
581664-581916 rc_encode: pin: "A1"
581916-582169 rc_encode: bit-0: "0"
581916-582169 rc_encode: pin: "A2"
582169-582432 rc_encode: bit-f: "f"
582169-582432 rc_encode: pin: "A3"
582432-582683 rc_encode: bit-U: "U"
582432-582683 rc_encode: pin: "A4"
582683-582927 rc_encode: bit-U: "U"
582683-582927 rc_encode: pin: "A5"
582927-583179 rc_encode: bit-1: "1"
582927-583179 rc_encode: pin: "A6/D5"
583179-583432 rc_encode: bit-1: "1"
583179-583432 rc_encode: pin: "A7/D4"
583432-583685 rc_encode: bit-1: "1"
583432-583685 rc_encode: pin: "A8/D3"
583685-583949 rc_encode: bit-U: "U"
583685-583949 rc_encode: pin: "A9/D2"
583949-584200 rc_encode: bit-U: "U"
583949-584200 rc_encode: pin: "A10/D1"
584200-584452 rc_encode: bit-U: "U"
584200-584452 rc_encode: pin: "A11/D0"
584452-584605 rc_encode: bit-sync: "Sync"
585457-585709 rc_encode: bit-0: "0"
585457-585709 rc_encode: pin: "A0"
585709-585962 rc_encode: bit-U: "U"
585709-585962 rc_encode: pin: "A1"
585962-586214 rc_encode: bit-0: "0"
585962-586214 rc_encode: pin: "A2"
586214-586467 rc_encode: bit-U: "U"
586214-586467 rc_encode: pin: "A3"
586467-586719 rc_encode: bit-0: "0"
586467-586719 rc_encode: pin: "A4"
586719-586963 rc_encode: bit-U: "U"
586719-586963 rc_encode: pin: "A5"
586963-587216 rc_encode: bit-1: "1"
586963-587216 rc_encode: pin: "A6/D5"
587216-587469 rc_encode: bit-1: "1"
587216-587469 rc_encode: pin: "A7/D4"
587469-587721 rc_encode: bit-1: "1"
587469-587721 rc_encode: pin: "A8/D3"
587721-587985 rc_encode: bit-U: "U"
587721-587985 rc_encode: pin: "A9/D2"
587985-588237 rc_encode: bit-U: "U"
587985-588237 rc_encode: pin: "A10/D1"
588237-588489 rc_encode: bit-U: "U"
588237-588489 rc_encode: pin: "A11/D0"
588489-588633 rc_encode: bit-sync: "Sync"
589494-589746 rc_encode: bit-0: "0"
589494-589746 rc_encode: pin: "A0"
589746-589999 rc_encode: bit-U: "U"
589746-589999 rc_encode: pin: "A1"
589999-590250 rc_encode: bit-0: "0"
589999-590250 rc_encode: pin: "A2"
590250-590504 rc_encode: bit-U: "U"
590250-590504 rc_encode: pin: "A3"
590504-590755 rc_encode: bit-U: "U"
590504-590755 rc_encode: pin: "A4"
590755-590999 rc_encode: bit-f: "f"
590755-590999 rc_encode: pin: "A5"
590999-591252 rc_encode: bit-1: "1"
590999-591252 rc_encode: pin: "A6/D5"
591252-591505 rc_encode: bit-1: "1"
591252-591505 rc_encode: pin: "A7/D4"
591505-591758 rc_encode: bit-1: "1"
591505-591758 rc_encode: pin: "A8/D3"
591758-592022 rc_encode: bit-U: "U"
591758-592022 rc_encode: pin: "A9/D2"
592022-592273 rc_encode: bit-U: "U"
592022-592273 rc_encode: pin: "A10/D1"
592273-592525 rc_encode: bit-U: "U"
592273-592525 rc_encode: pin: "A11/D0"
592525-592669 rc_encode: bit-sync: "Sync"
593530-593782 rc_encode: bit-0: "0"
593530-593782 rc_encode: pin: "A0"
593782-594036 rc_encode: bit-U: "U"
593782-594036 rc_encode: pin: "A1"
594036-594287 rc_encode: bit-U: "U"
594036-594287 rc_encode: pin: "A2"
594287-594540 rc_encode: bit-U: "U"
594287-594540 rc_encode: pin: "A3"
594540-594792 rc_encode: bit-0: "0"
594540-594792 rc_encode: pin: "A4"
594792-595036 rc_encode: bit-U: "U"
594792-595036 rc_encode: pin: "A5"
595036-595289 rc_encode: bit-1: "1"
595036-595289 rc_encode: pin: "A6/D5"
595289-595541 rc_encode: bit-1: "1"
595289-595541 rc_encode: pin: "A7/D4"
595541-595794 rc_encode: bit-1: "1"
595541-595794 rc_encode: pin: "A8/D3"
595794-596058 rc_encode: bit-U: "U"
595794-596058 rc_encode: pin: "A9/D2"
596058-596309 rc_encode: bit-U: "U"
596058-596309 rc_encode: pin: "A10/D1"
596309-596562 rc_encode: bit-U: "U"
596309-596562 rc_encode: pin: "A11/D0"
596562-596706 rc_encode: bit-sync: "Sync"
