1114-1367 rc_encode: bit-0: "0"
1114-1367 rc_encode: pin: "A0"
1367-1620 rc_encode: bit-f: "f"
1367-1620 rc_encode: pin: "A1"
1620-1872 rc_encode: bit-0: "0"
1620-1872 rc_encode: pin: "A2"
1872-2125 rc_encode: bit-f: "f"
1872-2125 rc_encode: pin: "A3"
2125-2377 rc_encode: bit-0: "0"
2125-2377 rc_encode: pin: "A4"
2377-2630 rc_encode: bit-f: "f"
2377-2630 rc_encode: pin: "A5"
2630-2882 rc_encode: bit-0: "0"
2630-2882 rc_encode: pin: "A6/D5"
2882-3135 rc_encode: bit-f: "f"
2882-3135 rc_encode: pin: "A7/D4"
3135-3388 rc_encode: bit-f: "f"
3135-3388 rc_encode: pin: "A8/D3"
3388-3640 rc_encode: bit-f: "f"
3388-3640 rc_encode: pin: "A9/D2"
3640-3893 rc_encode: bit-f: "f"
3640-3893 rc_encode: pin: "A10/D1"
3893-4145 rc_encode: bit-0: "0"
3893-4145 rc_encode: pin: "A11/D0"
1114-2630 rc_encode: code-word-addr: "Addr 1:on 2:off 3:on 4:off 5:on 6:off"
2630-4145 rc_encode: code-word-data: "Button A ON/OFF"
4145-4397 rc_encode: bit-sync: "Sync"
